2026-07-26T17:11:51.9144541Z Hit:7 https://packages.microsoft.com/ubuntu/24.04/prod noble InRelease
2026-07-26T17:11:51.9159979Z Hit:3 http://azure.archive.ubuntu.com/ubuntu noble-updates InRelease
2026-07-26T17:11:51.9186132Z Hit:4 http://azure.archive.ubuntu.com/ubuntu noble-backports InRelease
2026-07-26T17:11:51.9189094Z Hit:5 http://azure.archive.ubuntu.com/ubuntu noble-security InRelease
2026-07-26T17:11:51.9954586Z Hit:8 https://dl.google.com/linux/chrome-stable/deb stable InRelease
2026-07-26T17:11:53.0411604Z Reading package lists...
2026-07-26T17:11:53.0642250Z Reading package lists...
2026-07-26T17:11:53.2163722Z Building dependency tree...
2026-07-26T17:11:53.2170997Z Reading state information...
2026-07-26T17:11:53.3459417Z libasound2t64 is already the newest version (1.2.11-1ubuntu0.3).
2026-07-26T17:11:53.3460346Z libasound2t64 set to manually installed.
2026-07-26T17:11:53.3461208Z libatk-bridge2.0-0t64 is already the newest version (2.52.0-1build1).
2026-07-26T17:11:53.3462048Z libatk-bridge2.0-0t64 set to manually installed.
2026-07-26T17:11:53.3462824Z libatk1.0-0t64 is already the newest version (2.52.0-1build1).
2026-07-26T17:11:53.3464166Z libatk1.0-0t64 set to manually installed.
2026-07-26T17:11:53.3464918Z libatspi2.0-0t64 is already the newest version (2.52.0-1build1).
2026-07-26T17:11:53.3465634Z libatspi2.0-0t64 set to manually installed.
2026-07-26T17:11:53.3466299Z libcairo2 is already the newest version (1.18.0-3build1).
2026-07-26T17:11:53.3466940Z libcairo2 set to manually installed.
2026-07-26T17:11:53.3467981Z libcups2t64 is already the newest version (2.4.7-1.2ubuntu7.14).
2026-07-26T17:11:53.3468665Z libcups2t64 set to manually installed.
2026-07-26T17:11:53.3469393Z libdbus-1-3 is already the newest version (1.14.10-4ubuntu4.1).
2026-07-26T17:11:53.3470131Z libdbus-1-3 set to manually installed.
2026-07-26T17:11:53.3470943Z libdrm2 is already the newest version (2.4.125-1ubuntu0.1~24.04.2).
2026-07-26T17:11:53.3471685Z libdrm2 set to manually installed.
2026-07-26T17:11:53.3472399Z libgbm1 is already the newest version (25.2.8-0ubuntu0.24.04.2).
2026-07-26T17:11:53.3473096Z libgbm1 set to manually installed.
2026-07-26T17:11:53.3473808Z libglib2.0-0t64 is already the newest version (2.80.0-6ubuntu3.8).
2026-07-26T17:11:53.3474533Z libglib2.0-0t64 set to manually installed.
2026-07-26T17:11:53.3475247Z libnspr4 is already the newest version (2:4.35-1.1build1).
2026-07-26T17:11:53.3475899Z libnspr4 set to manually installed.
2026-07-26T17:11:53.3476737Z libnss3 is already the newest version (2:3.98-1ubuntu0.2).
2026-07-26T17:11:53.3477632Z libnss3 set to manually installed.
2026-07-26T17:11:53.3478347Z libpango-1.0-0 is already the newest version (1.52.1+ds-1build1).
2026-07-26T17:11:53.3479059Z libpango-1.0-0 set to manually installed.
2026-07-26T17:11:53.3479838Z libx11-6 is already the newest version (2:1.8.7-1build1).
2026-07-26T17:11:53.3480491Z libx11-6 set to manually installed.
2026-07-26T17:11:53.3481130Z libxcb1 is already the newest version (1.15-1ubuntu2).
2026-07-26T17:11:53.3481747Z libxcb1 set to manually installed.
2026-07-26T17:11:53.3482741Z libxcomposite1 is already the newest version (1:0.4.5-1build3).
2026-07-26T17:11:53.3483473Z libxcomposite1 set to manually installed.
2026-07-26T17:11:53.3484209Z libxdamage1 is already the newest version (1:1.1.6-1build1).
2026-07-26T17:11:53.3484934Z libxdamage1 set to manually installed.
2026-07-26T17:11:53.3485633Z libxext6 is already the newest version (2:1.3.4-1build2).
2026-07-26T17:11:53.3486306Z libxext6 set to manually installed.
2026-07-26T17:11:53.3487013Z libxfixes3 is already the newest version (1:6.0.0-2build1).
2026-07-26T17:11:53.3487945Z libxfixes3 set to manually installed.
2026-07-26T17:11:53.3488702Z libxkbcommon0 is already the newest version (1.6.0-1build1).
2026-07-26T17:11:53.3489413Z libxkbcommon0 set to manually installed.
2026-07-26T17:11:53.3490122Z libxrandr2 is already the newest version (2:1.5.2-2build1).
2026-07-26T17:11:53.3490790Z libxrandr2 set to manually installed.
2026-07-26T17:11:53.3491469Z xvfb is already the newest version (2:21.1.12-1ubuntu1.6).
2026-07-26T17:11:53.3492417Z fonts-noto-color-emoji is already the newest version (2.047-0ubuntu0.24.04.1).
2026-07-26T17:11:53.3493349Z libfontconfig1 is already the newest version (2.15.0-1.1ubuntu2).
2026-07-26T17:11:53.3494030Z libfontconfig1 set to manually installed.
2026-07-26T17:11:53.3494749Z libfreetype6 is already the newest version (2.13.2+dfsg-1ubuntu0.1).
2026-07-26T17:11:53.3495433Z libfreetype6 set to manually installed.
2026-07-26T17:11:53.3496095Z fonts-liberation is already the newest version (1:2.1.5-3).
2026-07-26T17:11:53.3496834Z fonts-liberation set to manually installed.
2026-07-26T17:11:53.3497660Z The following additional packages will be installed:
2026-07-26T17:11:53.3498221Z   xfonts-encodings xfonts-utils
2026-07-26T17:11:53.3498655Z Recommended packages:
2026-07-26T17:11:53.3499071Z   fonts-ipafont-mincho fonts-tlwg-loma
2026-07-26T17:11:53.3629645Z The following NEW packages will be installed:
2026-07-26T17:11:53.3630563Z   fonts-freefont-ttf fonts-ipafont-gothic fonts-tlwg-loma-otf fonts-unifont
2026-07-26T17:11:53.3636080Z   fonts-wqy-zenhei xfonts-cyrillic xfonts-encodings xfonts-scalable
2026-07-26T17:11:53.3636533Z   xfonts-utils
2026-07-26T17:11:53.3796026Z 0 upgraded, 9 newly installed, 0 to remove and 66 not upgraded.
2026-07-26T17:11:53.3796541Z Need to get 21.1 MB of archives.
2026-07-26T17:11:53.3796983Z After this operation, 79.5 MB of additional disk space will be used.
2026-07-26T17:11:53.3797956Z Get:1 file:/etc/apt/apt-mirrors.txt Mirrorlist [144 B]
2026-07-26T17:11:53.5288641Z Get:2 http://azure.archive.ubuntu.com/ubuntu noble/universe amd64 fonts-ipafont-gothic all 00303-21ubuntu1 [3513 kB]
2026-07-26T17:11:54.1557821Z Get:3 http://azure.archive.ubuntu.com/ubuntu noble/main amd64 fonts-freefont-ttf all 20211204+svn4273-2 [5641 kB]
2026-07-26T17:11:54.3168745Z Get:4 http://azure.archive.ubuntu.com/ubuntu noble/universe amd64 fonts-tlwg-loma-otf all 1:0.7.3-1 [107 kB]
2026-07-26T17:11:54.3865971Z Get:5 http://azure.archive.ubuntu.com/ubuntu noble/universe amd64 fonts-unifont all 1:15.1.01-1build1 [2993 kB]
2026-07-26T17:11:54.4860221Z Get:6 http://azure.archive.ubuntu.com/ubuntu noble/universe amd64 fonts-wqy-zenhei all 0.9.45-8 [7472 kB]
2026-07-26T17:11:54.6178907Z Get:7 http://azure.archive.ubuntu.com/ubuntu noble/main amd64 xfonts-encodings all 1:1.0.5-0ubuntu2 [578 kB]
2026-07-26T17:11:54.6911576Z Get:8 http://azure.archive.ubuntu.com/ubuntu noble/main amd64 xfonts-utils amd64 1:7.7+6build3 [94.4 kB]
2026-07-26T17:11:54.7598225Z Get:9 http://azure.archive.ubuntu.com/ubuntu noble/universe amd64 xfonts-cyrillic all 1:1.0.5+nmu1 [384 kB]
2026-07-26T17:11:54.8305407Z Get:10 http://azure.archive.ubuntu.com/ubuntu noble/main amd64 xfonts-scalable all 1:1.0.3-1.3 [304 kB]
2026-07-26T17:11:55.0797786Z Fetched 21.1 MB in 1s (14.4 MB/s)
2026-07-26T17:11:55.1243635Z Selecting previously unselected package fonts-ipafont-gothic.
2026-07-26T17:11:55.1298647Z (Reading database ... 
2026-07-26T17:11:55.1299223Z (Reading database ... 5%
2026-07-26T17:11:55.1299602Z (Reading database ... 10%
2026-07-26T17:11:55.1300232Z (Reading database ... 15%
2026-07-26T17:11:55.1300561Z (Reading database ... 20%
2026-07-26T17:11:55.1300848Z (Reading database ... 25%
2026-07-26T17:11:55.1301184Z (Reading database ... 30%
2026-07-26T17:11:55.1301472Z (Reading database ... 35%
2026-07-26T17:11:55.1301810Z (Reading database ... 40%
2026-07-26T17:11:55.1302094Z (Reading database ... 45%
2026-07-26T17:11:55.1302413Z (Reading database ... 50%
2026-07-26T17:11:55.1309162Z (Reading database ... 55%
2026-07-26T17:11:55.1418720Z (Reading database ... 60%
2026-07-26T17:11:55.1447174Z (Reading database ... 65%
2026-07-26T17:11:55.1472998Z (Reading database ... 70%
2026-07-26T17:11:55.1501753Z (Reading database ... 75%
2026-07-26T17:11:55.1536750Z (Reading database ... 80%
2026-07-26T17:11:55.1676138Z (Reading database ... 85%
2026-07-26T17:11:55.1745506Z (Reading database ... 90%
2026-07-26T17:11:55.1954911Z (Reading database ... 95%
2026-07-26T17:11:55.1955397Z (Reading database ... 100%
2026-07-26T17:11:55.1956141Z (Reading database ... 203005 files and directories currently installed.)
2026-07-26T17:11:55.1995172Z Preparing to unpack .../0-fonts-ipafont-gothic_00303-21ubuntu1_all.deb ...
2026-07-26T17:11:55.2066354Z Unpacking fonts-ipafont-gothic (00303-21ubuntu1) ...
2026-07-26T17:11:55.4285353Z Selecting previously unselected package fonts-freefont-ttf.
2026-07-26T17:11:55.4411278Z Preparing to unpack .../1-fonts-freefont-ttf_20211204+svn4273-2_all.deb ...
2026-07-26T17:11:55.4419016Z Unpacking fonts-freefont-ttf (20211204+svn4273-2) ...
2026-07-26T17:11:55.5218280Z Selecting previously unselected package fonts-tlwg-loma-otf.
2026-07-26T17:11:55.5343760Z Preparing to unpack .../2-fonts-tlwg-loma-otf_1%3a0.7.3-1_all.deb ...
2026-07-26T17:11:55.5351106Z Unpacking fonts-tlwg-loma-otf (1:0.7.3-1) ...
2026-07-26T17:11:55.5557770Z Selecting previously unselected package fonts-unifont.
2026-07-26T17:11:55.5683736Z Preparing to unpack .../3-fonts-unifont_1%3a15.1.01-1build1_all.deb ...
2026-07-26T17:11:55.5691975Z Unpacking fonts-unifont (1:15.1.01-1build1) ...
2026-07-26T17:11:55.6730641Z Selecting previously unselected package fonts-wqy-zenhei.
2026-07-26T17:11:55.6855071Z Preparing to unpack .../4-fonts-wqy-zenhei_0.9.45-8_all.deb ...
2026-07-26T17:11:55.6950711Z Unpacking fonts-wqy-zenhei (0.9.45-8) ...
2026-07-26T17:11:56.1549018Z Selecting previously unselected package xfonts-encodings.
2026-07-26T17:11:56.1674938Z Preparing to unpack .../5-xfonts-encodings_1%3a1.0.5-0ubuntu2_all.deb ...
2026-07-26T17:11:56.1683577Z Unpacking xfonts-encodings (1:1.0.5-0ubuntu2) ...
2026-07-26T17:11:56.1969116Z Selecting previously unselected package xfonts-utils.
2026-07-26T17:11:56.2095430Z Preparing to unpack .../6-xfonts-utils_1%3a7.7+6build3_amd64.deb ...
2026-07-26T17:11:56.2104725Z Unpacking xfonts-utils (1:7.7+6build3) ...
2026-07-26T17:11:56.2555084Z Selecting previously unselected package xfonts-cyrillic.
2026-07-26T17:11:56.2680401Z Preparing to unpack .../7-xfonts-cyrillic_1%3a1.0.5+nmu1_all.deb ...
2026-07-26T17:11:56.2689508Z Unpacking xfonts-cyrillic (1:1.0.5+nmu1) ...
2026-07-26T17:11:56.3030916Z Selecting previously unselected package xfonts-scalable.
2026-07-26T17:11:56.3154993Z Preparing to unpack .../8-xfonts-scalable_1%3a1.0.3-1.3_all.deb ...
2026-07-26T17:11:56.3171431Z Unpacking xfonts-scalable (1:1.0.3-1.3) ...
2026-07-26T17:11:56.3567709Z Setting up fonts-wqy-zenhei (0.9.45-8) ...
2026-07-26T17:11:56.3681913Z Setting up fonts-freefont-ttf (20211204+svn4273-2) ...
2026-07-26T17:11:56.3701785Z Setting up fonts-tlwg-loma-otf (1:0.7.3-1) ...
2026-07-26T17:11:56.3721205Z Setting up xfonts-encodings (1:1.0.5-0ubuntu2) ...
2026-07-26T17:11:56.3740582Z Setting up fonts-ipafont-gothic (00303-21ubuntu1) ...
2026-07-26T17:11:56.3805624Z update-alternatives: using /usr/share/fonts/opentype/ipafont-gothic/ipag.ttf to provide /usr/share/fonts/truetype/fonts-japanese-gothic.ttf (fonts-japanese-gothic.ttf) in auto mode
2026-07-26T17:11:56.3821302Z Setting up fonts-unifont (1:15.1.01-1build1) ...
2026-07-26T17:11:56.3840901Z Setting up xfonts-utils (1:7.7+6build3) ...
2026-07-26T17:11:56.3881719Z Setting up xfonts-cyrillic (1:1.0.5+nmu1) ...
2026-07-26T17:11:56.4211371Z Setting up xfonts-scalable (1:1.0.3-1.3) ...
2026-07-26T17:11:56.4479303Z Processing triggers for man-db (2.12.0-4build2) ...
2026-07-26T17:11:56.4495797Z Not building database; man-db/auto-update is not 'true'.
2026-07-26T17:11:56.4507673Z Processing triggers for fontconfig (2.15.0-1.1ubuntu2) ...
2026-07-26T17:11:57.0901268Z 
2026-07-26T17:11:57.0902115Z Running kernel seems to be up-to-date.
2026-07-26T17:11:57.0902590Z 
2026-07-26T17:11:57.0902916Z No services need to be restarted.
2026-07-26T17:11:57.0903302Z 
2026-07-26T17:11:57.0903648Z No containers need to be restarted.
2026-07-26T17:11:57.0904050Z 
2026-07-26T17:11:57.0904406Z No user sessions are running outdated binaries.
2026-07-26T17:11:57.0904848Z 
2026-07-26T17:11:57.0905432Z No VM guests are running outdated hypervisor (qemu) binaries on this host.
2026-07-26T17:11:57.8543189Z Downloading Chromium 139.0.7258.5 (playwright build v1181) from https://cdn.playwright.dev/dbazure/download/playwright/builds/chromium/1181/chromium-linux.zip
2026-07-26T17:11:59.2278147Z |                                                                                |   0% of 172.5 MiB
2026-07-26T17:11:59.3857826Z |■■■■■■■■                                                                        |  10% of 172.5 MiB
2026-07-26T17:11:59.4688005Z |■■■■■■■■■■■■■■■■                                                                |  20% of 172.5 MiB
2026-07-26T17:11:59.5416311Z |■■■■■■■■■■■■■■■■■■■■■■■■                                                        |  30% of 172.5 MiB
2026-07-26T17:11:59.6131763Z |■■■■■■■■■■■■■■■■■■■■■■■■■■■■■■■■                                                |  40% of 172.5 MiB
2026-07-26T17:11:59.6818583Z |■■■■■■■■■■■■■■■■■■■■■■■■■■■■■■■■■■■■■■■■                                        |  50% of 172.5 MiB
2026-07-26T17:11:59.7423786Z |■■■■■■■■■■■■■■■■■■■■■■■■■■■■■■■■■■■■■■■■■■■■■■■■                                |  60% of 172.5 MiB
2026-07-26T17:11:59.8166456Z |■■■■■■■■■■■■■■■■■■■■■■■■■■■■■■■■■■■■■■■■■■■■■■■■■■■■■■■■                        |  70% of 172.5 MiB
2026-07-26T17:11:59.8785994Z |■■■■■■■■■■■■■■■■■■■■■■■■■■■■■■■■■■■■■■■■■■■■■■■■■■■■■■■■■■■■■■■■                |  80% of 172.5 MiB
2026-07-26T17:11:59.9407730Z |■■■■■■■■■■■■■■■■■■■■■■■■■■■■■■■■■■■■■■■■■■■■■■■■■■■■■■■■■■■■■■■■■■■■■■■■        |  90% of 172.5 MiB
2026-07-26T17:12:00.0067381Z |■■■■■■■■■■■■■■■■■■■■■■■■■■■■■■■■■■■■■■■■■■■■■■■■■■■■■■■■■■■■■■■■■■■■■■■■■■■■■■■■| 100% of 172.5 MiB
2026-07-26T17:12:03.2758119Z Chromium 139.0.7258.5 (playwright build v1181) downloaded to /home/runner/.cache/ms-playwright/chromium-1181
2026-07-26T17:12:03.2760275Z Downloading FFMPEG playwright build v1011 from https://cdn.playwright.dev/dbazure/download/playwright/builds/ffmpeg/1011/ffmpeg-linux.zip
2026-07-26T17:12:03.4172733Z |                                                                                |   0% of 2.3 MiB
2026-07-26T17:12:03.4313058Z |■■■■■■■■                                                                        |  10% of 2.3 MiB
2026-07-26T17:12:03.4372919Z |■■■■■■■■■■■■■■■■                                                                |  20% of 2.3 MiB
2026-07-26T17:12:03.4417535Z |■■■■■■■■■■■■■■■■■■■■■■■■                                                        |  30% of 2.3 MiB
2026-07-26T17:12:03.4462676Z |■■■■■■■■■■■■■■■■■■■■■■■■■■■■■■■■                                                |  40% of 2.3 MiB
2026-07-26T17:12:03.4496821Z |■■■■■■■■■■■■■■■■■■■■■■■■■■■■■■■■■■■■■■■■                                        |  50% of 2.3 MiB
2026-07-26T17:12:03.4530067Z |■■■■■■■■■■■■■■■■■■■■■■■■■■■■■■■■■■■■■■■■■■■■■■■■                                |  60% of 2.3 MiB
2026-07-26T17:12:03.4540623Z |■■■■■■■■■■■■■■■■■■■■■■■■■■■■■■■■■■■■■■■■■■■■■■■■■■■■■■■■                        |  70% of 2.3 MiB
2026-07-26T17:12:03.4568269Z |■■■■■■■■■■■■■■■■■■■■■■■■■■■■■■■■■■■■■■■■■■■■■■■■■■■■■■■■■■■■■■■■                |  80% of 2.3 MiB
2026-07-26T17:12:03.4586810Z |■■■■■■■■■■■■■■■■■■■■■■■■■■■■■■■■■■■■■■■■■■■■■■■■■■■■■■■■■■■■■■■■■■■■■■■■        |  90% of 2.3 MiB
2026-07-26T17:12:03.4601244Z |■■■■■■■■■■■■■■■■■■■■■■■■■■■■■■■■■■■■■■■■■■■■■■■■■■■■■■■■■■■■■■■■■■■■■■■■■■■■■■■■| 100% of 2.3 MiB
2026-07-26T17:12:03.5183857Z FFMPEG playwright build v1011 downloaded to /home/runner/.cache/ms-playwright/ffmpeg-1011
2026-07-26T17:12:03.5186086Z Downloading Chromium Headless Shell 139.0.7258.5 (playwright build v1181) from https://cdn.playwright.dev/dbazure/download/playwright/builds/chromium/1181/chromium-headless-shell-linux.zip
2026-07-26T17:12:03.6484643Z |                                                                                |   0% of 104.8 MiB
2026-07-26T17:12:03.7470730Z |■■■■■■■■                                                                        |  10% of 104.8 MiB
2026-07-26T17:12:03.7950274Z |■■■■■■■■■■■■■■■■                                                                |  20% of 104.8 MiB
2026-07-26T17:12:03.8422512Z |■■■■■■■■■■■■■■■■■■■■■■■■                                                        |  30% of 104.8 MiB
2026-07-26T17:12:03.8886588Z |■■■■■■■■■■■■■■■■■■■■■■■■■■■■■■■■                                                |  40% of 104.8 MiB
2026-07-26T17:12:03.9358015Z |■■■■■■■■■■■■■■■■■■■■■■■■■■■■■■■■■■■■■■■■                                        |  50% of 104.8 MiB
2026-07-26T17:12:03.9805080Z |■■■■■■■■■■■■■■■■■■■■■■■■■■■■■■■■■■■■■■■■■■■■■■■■                                |  60% of 104.8 MiB
2026-07-26T17:12:04.0148964Z |■■■■■■■■■■■■■■■■■■■■■■■■■■■■■■■■■■■■■■■■■■■■■■■■■■■■■■■■                        |  70% of 104.8 MiB
2026-07-26T17:12:04.0669263Z |■■■■■■■■■■■■■■■■■■■■■■■■■■■■■■■■■■■■■■■■■■■■■■■■■■■■■■■■■■■■■■■■                |  80% of 104.8 MiB
2026-07-26T17:12:04.1075183Z |■■■■■■■■■■■■■■■■■■■■■■■■■■■■■■■■■■■■■■■■■■■■■■■■■■■■■■■■■■■■■■■■■■■■■■■■        |  90% of 104.8 MiB
2026-07-26T17:12:04.1425601Z |■■■■■■■■■■■■■■■■■■■■■■■■■■■■■■■■■■■■■■■■■■■■■■■■■■■■■■■■■■■■■■■■■■■■■■■■■■■■■■■■| 100% of 104.8 MiB
2026-07-26T17:12:05.9565372Z Chromium Headless Shell 139.0.7258.5 (playwright build v1181) downloaded to /home/runner/.cache/ms-playwright/chromium_headless_shell-1181
2026-07-26T17:12:06.0528591Z ##[group]Run mkdir -p public/tiles artifacts/visual-preview
2026-07-26T17:12:06.0529064Z [36;1mmkdir -p public/tiles artifacts/visual-preview[0m
2026-07-26T17:12:06.0529539Z [36;1mcp artifacts/occumed-fresno.pmtiles public/tiles/occumed-fresno.pmtiles[0m
2026-07-26T17:12:06.0529958Z [36;1mnpm run build[0m
2026-07-26T17:12:06.0530241Z [36;1mtest -s dist/tiles/occumed-fresno.pmtiles[0m
2026-07-26T17:12:06.0530587Z [36;1mls -lh dist/tiles/occumed-fresno.pmtiles[0m
2026-07-26T17:12:06.0575706Z shell: /usr/bin/bash -e {0}
2026-07-26T17:12:06.0575963Z env:
2026-07-26T17:12:06.0576163Z   OCCUMED_WORLD_MANIFEST_URL: off
2026-07-26T17:12:06.0576559Z   OCCUMED_PMTILES_URL: __OCCUMED_PUBLIC_ORIGIN__/tiles/occumed-fresno.pmtiles
2026-07-26T17:12:06.0576956Z ##[endgroup]
2026-07-26T17:12:06.2251854Z 
2026-07-26T17:12:06.2252358Z > @occumed/map@0.4.0 build
2026-07-26T17:12:06.2252950Z > npm run prepare:assets && npm run check && vite build && npm run check:server
2026-07-26T17:12:06.2253375Z 
2026-07-26T17:12:06.3219685Z 
2026-07-26T17:12:06.3220420Z > @occumed/map@0.4.0 prepare:assets
2026-07-26T17:12:06.3221336Z > npm run prepare:sprites && npm run prepare:style
2026-07-26T17:12:06.3221656Z 
2026-07-26T17:12:06.4181293Z 
2026-07-26T17:12:06.4181867Z > @occumed/map@0.4.0 prepare:sprites
2026-07-26T17:12:06.4182419Z > node scripts/build-sprites.mjs
2026-07-26T17:12:06.4182643Z 
2026-07-26T17:12:07.0178250Z Generated 1x and 2x Occu-Med sprites from 440 unique SVG files.
2026-07-26T17:12:07.1314406Z 
2026-07-26T17:12:07.1314892Z > @occumed/map@0.4.0 prepare:style
2026-07-26T17:12:07.1319437Z > node scripts/build-runtime-style.mjs && node scripts/normalize-runtime-fonts.mjs && node scripts/normalize-runtime-filters.mjs && node scripts/normalize-boundary-filters.mjs && node scripts/force-runtime-filter-expressions.mjs && node scripts/apply-schema-parity.mjs && node scripts/apply-globe-parity.mjs && node scripts/apply-photo-reference.mjs && node scripts/restore-exported-cartography.mjs && node scripts/calibrate-reference-colors.mjs && node scripts/lock-exact-exported-swatches.mjs && node scripts/lock-reference-atmosphere.mjs && node scripts/use-custom-pmtiles-source.mjs
2026-07-26T17:12:07.1321774Z 
2026-07-26T17:12:07.1874154Z Generated 146 runtime layers from 148 original layers; 4 incompatible layers documented.
2026-07-26T17:12:07.2319156Z Normalized active font stacks in 4 runtime layers and refined 1 label halos.
2026-07-26T17:12:07.2759325Z Normalized mixed legacy/expression filters in 0 runtime layers.
2026-07-26T17:12:07.3184775Z Translated Mapbox boundary filters in 5 runtime layers.
2026-07-26T17:12:07.3600852Z Forced expression-mode parsing for 129 runtime filters.
2026-07-26T17:12:07.4053818Z Applied open-schema parity to 6 land layers, 6 place-label layers, and 3 icon-label layers.
2026-07-26T17:12:07.4485586Z Applied refined Occu-Med globe rim, vivid low-zoom relief, and stable hillshade.
2026-07-26T17:12:07.4930561Z Applied live visual-QA pass 2 for globe framing, ocean depth, landcover, terrain, roads, boundaries, and labels.
2026-07-26T17:12:07.5525555Z Restored exported layout and paint for 144 layers and repaired 118 schema-sensitive filters.
2026-07-26T17:12:07.6065605Z Preserved 91 exported structure-specific colors and restored visible low-zoom landcover, water, terrain, roads, and boundaries.
2026-07-26T17:12:07.6570292Z Locked exact exported swatches, preserved vector detail, and faded pixel-based relief before regional zooms.
2026-07-26T17:12:07.7040336Z Locked the luminous white-blue reference atmosphere without adding surface fog.
2026-07-26T17:12:07.7522416Z Configured custom PMTiles source: __OCCUMED_PUBLIC_ORIGIN__/tiles/occumed-fresno.pmtiles
2026-07-26T17:12:07.8591115Z 
2026-07-26T17:12:07.8592126Z > @occumed/map@0.4.0 check
2026-07-26T17:12:07.8592593Z > npm run check:export && npm run check:runtime
2026-07-26T17:12:07.8592844Z 
2026-07-26T17:12:07.9540424Z 
2026-07-26T17:12:07.9541475Z > @occumed/map@0.4.0 check:export
2026-07-26T17:12:07.9542515Z > node scripts/check-export.mjs
2026-07-26T17:12:07.9542862Z 
2026-07-26T17:12:07.9986953Z Original Occu-Med Terrain export is intact: 148 layers and 440 uploaded SVG files.
2026-07-26T17:12:08.0998226Z 
2026-07-26T17:12:08.0998862Z > @occumed/map@0.4.0 check:runtime
2026-07-26T17:12:08.1002451Z > node scripts/check-runtime.mjs && node scripts/validate-maplibre-style.mjs && node scripts/check-globe-parity.mjs && node scripts/check-cartography-parity.mjs && node scripts/check-viewer-quality.mjs && node scripts/check-photo-reference.mjs && node scripts/check-exact-exported-swatches.mjs && node scripts/check-render-clarity.mjs && node scripts/check-pmtiles-integration.mjs
2026-07-26T17:12:08.1005061Z 
2026-07-26T17:12:08.1432305Z Occu-Med open basemap validation failed:
2026-07-26T17:12:08.1434715Z - Rendered layers still request unavailable font stacks: Noto Sans Regular, Noto Sans Semibold
2026-07-26T17:12:08.1696848Z ##[error]Process completed with exit code 1.
2026-07-26T17:12:08.1750386Z ##[group]Run if [ ! -s artifacts/occumed-fresno.pmtiles ]; then
2026-07-26T17:12:08.1750884Z [36;1mif [ ! -s artifacts/occumed-fresno.pmtiles ]; then[0m
2026-07-26T17:12:08.1751350Z [36;1m  echo "Fresno archive was not generated; no archive manifest can be written."[0m
2026-07-26T17:12:08.1751757Z [36;1m  exit 0[0m
2026-07-26T17:12:08.1751957Z [36;1mfi[0m
2026-07-26T17:12:08.1752139Z [36;1m([0m
2026-07-26T17:12:08.1752328Z [36;1m  cd artifacts[0m
2026-07-26T17:12:08.1752689Z [36;1m  sha256sum occumed-fresno.pmtiles > occumed-fresno.pmtiles.sha256[0m
2026-07-26T17:12:08.1753081Z [36;1m)[0m
2026-07-26T17:12:08.1753257Z [36;1m{[0m
2026-07-26T17:12:08.1753447Z [36;1m  echo "commit=${GITHUB_SHA}"[0m
2026-07-26T17:12:08.1753930Z [36;1m  echo "source=https://download.geofabrik.de/north-america/us/california-latest.osm.pbf"[0m
2026-07-26T17:12:08.1754435Z [36;1m  echo "bounds=-120.55,35.50,-118.45,37.55"[0m
2026-07-26T17:12:08.1754807Z [36;1m  echo "profile=planetiler/occumed-basemap.yml"[0m
2026-07-26T17:12:08.1755175Z [36;1m  echo "built_at=$(date -u +%Y-%m-%dT%H:%M:%SZ)"[0m
2026-07-26T17:12:08.1755587Z [36;1m  stat --printf='size_bytes=%s\n' artifacts/occumed-fresno.pmtiles[0m
2026-07-26T17:12:08.1756019Z [36;1m  cat artifacts/occumed-fresno.pmtiles.sha256[0m
2026-07-26T17:12:08.1756371Z [36;1m} | tee artifacts/occumed-fresno.manifest.txt[0m
2026-07-26T17:12:08.1800111Z shell: /usr/bin/bash -e {0}
2026-07-26T17:12:08.1800360Z ##[endgroup]
2026-07-26T17:12:08.3375017Z commit=defc0cbd07cd1f3597e456e3c2e01e252ac4cc35
2026-07-26T17:12:08.3375793Z source=https://download.geofabrik.de/north-america/us/california-latest.osm.pbf
2026-07-26T17:12:08.3376341Z bounds=-120.55,35.50,-118.45,37.55
2026-07-26T17:12:08.3376868Z profile=planetiler/occumed-basemap.yml
2026-07-26T17:12:08.3377636Z built_at=2026-07-26T17:12:08Z
2026-07-26T17:12:08.3388549Z size_bytes=204194771
2026-07-26T17:12:08.3399907Z 9c5e0898690ecf3d645e4f075fd798299586f2d5938cb7473df0cbe4c6f44a29  occumed-fresno.pmtiles
2026-07-26T17:12:08.3479659Z Node 20 is being deprecated. This workflow is running with Node 24 by default. If you need to temporarily use Node 20, you can set the ACTIONS_ALLOW_USE_UNSECURE_NODE_VERSION=true environment variable. For more information see: https://github.blog/changelog/2025-09-19-deprecation-of-node-20-on-github-actions-runners/
2026-07-26T17:12:08.3480959Z ##[group]Run actions/upload-artifact@v4
2026-07-26T17:12:08.3481225Z with:
2026-07-26T17:12:08.3481531Z   name: occumed-fresno-pmtiles-defc0cbd07cd1f3597e456e3c2e01e252ac4cc35
2026-07-26T17:12:08.3482556Z   path: artifacts/occumed-fresno.pmtiles
artifacts/occumed-fresno.pmtiles.sha256
artifacts/occumed-fresno.manifest.txt
artifacts/pmtiles-range.headers.txt
artifacts/preview-server.log
artifacts/visual-preview/

2026-07-26T17:12:08.3483451Z   if-no-files-found: error
2026-07-26T17:12:08.3483679Z   compression-level: 0
2026-07-26T17:12:08.3483888Z   retention-days: 30
2026-07-26T17:12:08.3484085Z   overwrite: false
2026-07-26T17:12:08.3484506Z   include-hidden-files: false
2026-07-26T17:12:08.3484739Z ##[endgroup]
2026-07-26T17:12:08.5117313Z (node:4333) [DEP0040] DeprecationWarning: The `punycode` module is deprecated. Please use a userland alternative instead.
2026-07-26T17:12:08.5119159Z (Use `node --trace-deprecation ...` to show where the warning was created)
2026-07-26T17:12:08.5290185Z Multiple search paths detected. Calculating the least common ancestor of all paths
2026-07-26T17:12:08.5295445Z The least common ancestor is /home/runner/work/Map/Map/artifacts. This will be the root directory of the artifact
2026-07-26T17:12:08.5299910Z With the provided path, there will be 3 files uploaded
2026-07-26T17:12:08.5302585Z Artifact name is valid!
2026-07-26T17:12:08.5303607Z Root directory input is valid!
2026-07-26T17:12:08.8590755Z Beginning upload of artifact content to blob storage
2026-07-26T17:12:08.9077711Z (node:4333) [DEP0169] DeprecationWarning: `url.parse()` behavior is not standardized and prone to errors that have security implications. Use the WHATWG URL API instead. CVEs are not issued for `url.parse()` vulnerabilities.
2026-07-26T17:12:09.9287840Z Uploaded bytes 8388608
2026-07-26T17:12:09.9511351Z Uploaded bytes 16777216
2026-07-26T17:12:10.0243106Z Uploaded bytes 25165824
2026-07-26T17:12:10.0340880Z Uploaded bytes 33554432
2026-07-26T17:12:10.2104155Z Uploaded bytes 41943040
2026-07-26T17:12:10.2705794Z Uploaded bytes 50331648
2026-07-26T17:12:10.3156040Z Uploaded bytes 58720256
2026-07-26T17:12:10.3297915Z Uploaded bytes 67108864
2026-07-26T17:12:10.5292697Z Uploaded bytes 75497472
2026-07-26T17:12:10.5867796Z Uploaded bytes 83886080
2026-07-26T17:12:10.6418526Z Uploaded bytes 92274688
2026-07-26T17:12:10.6655707Z Uploaded bytes 100663296
2026-07-26T17:12:10.8520935Z Uploaded bytes 109051904
2026-07-26T17:12:10.9300026Z Uploaded bytes 117440512
2026-07-26T17:12:10.9924099Z Uploaded bytes 125829120
2026-07-26T17:12:11.0006834Z Uploaded bytes 134217728
2026-07-26T17:12:11.1587118Z Uploaded bytes 142606336
2026-07-26T17:12:11.2319968Z Uploaded bytes 150994944
2026-07-26T17:12:11.3126526Z Uploaded bytes 159383552
2026-07-26T17:12:11.3255272Z Uploaded bytes 167772160
2026-07-26T17:12:11.4901580Z Uploaded bytes 176160768
2026-07-26T17:12:11.5265673Z Uploaded bytes 184549376
2026-07-26T17:12:11.6078459Z Uploaded bytes 192937984
2026-07-26T17:12:11.6686693Z Uploaded bytes 201326592
2026-07-26T17:12:11.8496233Z Uploaded bytes 204195656
2026-07-26T17:12:11.9549741Z Finished uploading artifact content to blob storage!
2026-07-26T17:12:11.9553379Z SHA256 digest of uploaded artifact zip is 9485a9c6a8e21ff3ecffb8a43c707ab2bc2bfa07361d3c249abb79940144776e
2026-07-26T17:12:11.9556098Z Finalizing artifact upload
2026-07-26T17:12:12.1736094Z Artifact occumed-fresno-pmtiles-defc0cbd07cd1f3597e456e3c2e01e252ac4cc35.zip successfully finalized. Artifact ID 8634739920
2026-07-26T17:12:12.1738757Z Artifact occumed-fresno-pmtiles-defc0cbd07cd1f3597e456e3c2e01e252ac4cc35 has been successfully uploaded! Final size is 204195656 bytes. Artifact ID is 8634739920
2026-07-26T17:12:12.1744026Z Artifact download URL: https://github.com/Occumed79/Map/actions/runs/30211913698/artifacts/8634739920
2026-07-26T17:12:12.1992295Z Node 20 is being deprecated. This workflow is running with Node 24 by default. If you need to temporarily use Node 20, you can set the ACTIONS_ALLOW_USE_UNSECURE_NODE_VERSION=true environment variable. For more information see: https://github.blog/changelog/2025-09-19-deprecation-of-node-20-on-github-actions-runners/
2026-07-26T17:12:12.1993553Z Post job cleanup.
2026-07-26T17:12:12.2846161Z [command]/usr/bin/git version
2026-07-26T17:12:12.2889698Z git version 2.54.0
2026-07-26T17:12:12.2931906Z Temporarily overriding HOME='/home/runner/work/_temp/95cb2be3-0cea-40eb-874c-c2e23eb5c55f' before making global git config changes
2026-07-26T17:12:12.2933463Z Adding repository directory to the temporary git global config as a safe directory
2026-07-26T17:12:12.2938606Z [command]/usr/bin/git config --global --add safe.directory /home/runner/work/Map/Map
2026-07-26T17:12:12.2981531Z [command]/usr/bin/git config --local --name-only --get-regexp core\.sshCommand
2026-07-26T17:12:12.3045981Z [command]/usr/bin/git submodule foreach --recursive sh -c "git config --local --name-only --get-regexp 'core\.sshCommand' && git config --local --unset-all 'core.sshCommand' || :"
2026-07-26T17:12:12.3307383Z [command]/usr/bin/git config --local --name-only --get-regexp http\.https\:\/\/github\.com\/\.extraheader
2026-07-26T17:12:12.3335911Z http.https://github.com/.extraheader
2026-07-26T17:12:12.3349430Z [command]/usr/bin/git config --local --unset-all http.https://github.com/.extraheader
2026-07-26T17:12:12.3388266Z [command]/usr/bin/git submodule foreach --recursive sh -c "git config --local --name-only --get-regexp 'http\.https\:\/\/github\.com\/\.extraheader' && git config --local --unset-all 'http.https://github.com/.extraheader' || :"
2026-07-26T17:12:12.3635130Z [command]/usr/bin/git config --local --name-only --get-regexp ^includeIf\.gitdir:
2026-07-26T17:12:12.3678884Z [command]/usr/bin/git submodule foreach --recursive git config --local --show-origin --name-only --get-regexp remote.origin.url
2026-07-26T17:12:12.4090727Z Cleaning up orphan processes
2026-07-26T17:12:12.4344377Z ##[warning]Node.js 20 is deprecated. The following actions target Node.js 20 but are being forced to run on Node.js 24: actions/checkout@v4, actions/setup-node@v4, actions/upload-artifact@v4. For more information see: https://github.blog/changelog/2025-09-19-deprecation-of-node-20-on-github-actions-runners/
